// Jest Snapshot v1, https://goo.gl/fbAQLP

exports[`inject based context warning is printed when changing stores 2`] = `
Array [
  Array [
    "The above error occurred in the <MobXProvider> component:",
    "    in MobXProvider (created by A)",
    "    in section (created by A)",
    "    in A",
    "",
    "Consider adding an error boundary to your tree to customize error handling behavior.",
    "Visit https://fb.me/react-error-boundaries to learn more about error boundaries.",
  ],
]
`;
